// Jest Snapshot v1, https://goo.gl/fbAQLP

exports[`Renders correctly 1`] = `
<div>
  <div
    class="App"
  >
    <h1>
      0
    </h1>
    <button>
      Update Counter
    </button>
  </div>
</div>
`;
